c:\Users\lild_\OneDrive\Desktop\final project freshman seminar\backend\src\main\java\com\bowiestate\wellness_app\dto\EmergencyGuidanceResponse.java
c:\Users\lild_\OneDrive\Desktop\final project freshman seminar\backend\src\main\java\com\bowiestate\wellness_app\controller\ResourcesController.java
c:\Users\lild_\OneDrive\Desktop\final project freshman seminar\backend\src\main\java\com\bowiestate\wellness_app\model\Appointment.java
c:\Users\lild_\OneDrive\Desktop\final project freshman seminar\backend\src\main\java\com\bowiestate\config\CorsConfig.java
c:\Users\lild_\OneDrive\Desktop\final project freshman seminar\backend\src\main\java\com\bowiestate\wellness_app\controller\EmergencyController.java
c:\Users\lild_\OneDrive\Desktop\final project freshman seminar\backend\src\main\java\com\bowiestate\wellness_app\controller\TriageController.java
c:\Users\lild_\OneDrive\Desktop\final project freshman seminar\backend\src\main\java\com\bowiestate\wellness_app\WellnessAppApplication.java
c:\Users\lild_\OneDrive\Desktop\final project freshman seminar\backend\src\main\java\com\bowiestate\wellness_app\controller\StaffStudentController.java
c:\Users\lild_\OneDrive\Desktop\final project freshman seminar\backend\src\main\java\com\bowiestate\wellness_app\controller\SymptomCheckerController.java
c:\Users\lild_\OneDrive\Desktop\final project freshman seminar\backend\src\main\java\com\bowiestate\wellness_app\dto\SymptomTriageRequest.java
c:\Users\lild_\OneDrive\Desktop\final project freshman seminar\backend\src\main\java\com\bowiestate\wellness_app\controller\AppointmentController.java
c:\Users\lild_\OneDrive\Desktop\final project freshman seminar\backend\src\main\java\com\bowiestate\wellness_app\controller\ProviderAvailabilityController.java
c:\Users\lild_\OneDrive\Desktop\final project freshman seminar\backend\src\main\java\com\bowiestate\wellness_app\service\TriageService.java
c:\Users\lild_\OneDrive\Desktop\final project freshman seminar\backend\src\main\java\com\bowiestate\wellness_app\dto\AppointmentRequestDTO.java
c:\Users\lild_\OneDrive\Desktop\final project freshman seminar\backend\src\main\java\com\bowiestate\wellness_app\controller\HelloController.java
c:\Users\lild_\OneDrive\Desktop\final project freshman seminar\backend\src\main\java\com\bowiestate\wellness_app\dto\SymptomTriageResponse.java
c:\Users\lild_\OneDrive\Desktop\final project freshman seminar\backend\src\main\java\com\bowiestate\wellness_app\controller\MedicalProviderController.java
